<?xml version="1.0" encoding="ISO-8859-1" ?>
<link_info>
   <banner>MSP430 Linker PC v21.6.0.LTS</banner>
   <copyright>Copyright (c) 2003-2018 Texas Instruments Incorporated</copyright>
   <link_time>0x640dbc6a</link_time>
   <link_errors>0x0</link_errors>
   <output_file>Fahrradtacho.out</output_file>
   <entry_point>
      <name>_c_int00_noargs_mpu</name>
      <address>0xe55e</address>
   </entry_point>
   <input_file_list>
      <input_file id="fl-2">
         <path>.\</path>
         <kind>object</kind>
         <file>main.obj</file>
         <name>main.obj</name>
      </input_file>
      <input_file id="fl-3">
         <path>.\Displaysteuerung\Displayanzeige\</path>
         <kind>object</kind>
         <file>settings.obj</file>
         <name>settings.obj</name>
      </input_file>
      <input_file id="fl-4">
         <path>.\Displaysteuerung\Displayanzeige\</path>
         <kind>object</kind>
         <file>start.obj</file>
         <name>start.obj</name>
      </input_file>
      <input_file id="fl-5">
         <path>.\Displaysteuerung\LCD\</path>
         <kind>object</kind>
         <file>digit.obj</file>
         <name>digit.obj</name>
      </input_file>
      <input_file id="fl-6">
         <path>.\Displaysteuerung\LCD\</path>
         <kind>object</kind>
         <file>lcd.obj</file>
         <name>lcd.obj</name>
      </input_file>
      <input_file id="fl-7">
         <path>.\Displaysteuerung\</path>
         <kind>object</kind>
         <file>controlfunctions.obj</file>
         <name>controlfunctions.obj</name>
      </input_file>
      <input_file id="fl-8">
         <path>.\Displaysteuerung\</path>
         <kind>object</kind>
         <file>power.obj</file>
         <name>power.obj</name>
      </input_file>
      <input_file id="fl-9">
         <path>.\Signalauswertung\</path>
         <kind>object</kind>
         <file>dynamoauswertung.obj</file>
         <name>dynamoauswertung.obj</name>
      </input_file>
      <input_file id="fl-a">
         <path>.\Signalauswertung\</path>
         <kind>object</kind>
         <file>fram.obj</file>
         <name>fram.obj</name>
      </input_file>
      <input_file id="fl-11">
         <kind>object</kind>
         <file>&lt;internal&gt;</file>
         <name>&lt;internal&gt;</name>
      </input_file>
      <input_file id="fl-31">
         <path>C:\Program Files\ccs\tools\compiler\ti-cgt-msp430_21.6.0.LTS\lib\</path>
         <kind>archive</kind>
         <file>rts430x_lc_sd_eabi.lib</file>
         <name>copy_decompress_lzss.c.obj</name>
      </input_file>
      <input_file id="fl-32">
         <path>C:\Program Files\ccs\tools\compiler\ti-cgt-msp430_21.6.0.LTS\lib\</path>
         <kind>archive</kind>
         <file>rts430x_lc_sd_eabi.lib</file>
         <name>copy_decompress_none.c.obj</name>
      </input_file>
      <input_file id="fl-33">
         <path>C:\Program Files\ccs\tools\compiler\ti-cgt-msp430_21.6.0.LTS\lib\</path>
         <kind>archive</kind>
         <file>rts430x_lc_sd_eabi.lib</file>
         <name>int31.asm.obj</name>
      </input_file>
      <input_file id="fl-34">
         <path>C:\Program Files\ccs\tools\compiler\ti-cgt-msp430_21.6.0.LTS\lib\</path>
         <kind>archive</kind>
         <file>rts430x_lc_sd_eabi.lib</file>
         <name>isr_trap.asm.obj</name>
      </input_file>
      <input_file id="fl-35">
         <path>C:\Program Files\ccs\tools\compiler\ti-cgt-msp430_21.6.0.LTS\lib\</path>
         <kind>archive</kind>
         <file>rts430x_lc_sd_eabi.lib</file>
         <name>int32.asm.obj</name>
      </input_file>
      <input_file id="fl-36">
         <path>C:\Program Files\ccs\tools\compiler\ti-cgt-msp430_21.6.0.LTS\lib\</path>
         <kind>archive</kind>
         <file>rts430x_lc_sd_eabi.lib</file>
         <name>int34.asm.obj</name>
      </input_file>
      <input_file id="fl-37">
         <path>C:\Program Files\ccs\tools\compiler\ti-cgt-msp430_21.6.0.LTS\lib\</path>
         <kind>archive</kind>
         <file>rts430x_lc_sd_eabi.lib</file>
         <name>int35.asm.obj</name>
      </input_file>
      <input_file id="fl-38">
         <path>C:\Program Files\ccs\tools\compiler\ti-cgt-msp430_21.6.0.LTS\lib\</path>
         <kind>archive</kind>
         <file>rts430x_lc_sd_eabi.lib</file>
         <name>int36.asm.obj</name>
      </input_file>
      <input_file id="fl-39">
         <path>C:\Program Files\ccs\tools\compiler\ti-cgt-msp430_21.6.0.LTS\lib\</path>
         <kind>archive</kind>
         <file>rts430x_lc_sd_eabi.lib</file>
         <name>int37.asm.obj</name>
      </input_file>
      <input_file id="fl-3a">
         <path>C:\Program Files\ccs\tools\compiler\ti-cgt-msp430_21.6.0.LTS\lib\</path>
         <kind>archive</kind>
         <file>rts430x_lc_sd_eabi.lib</file>
         <name>int38.asm.obj</name>
      </input_file>
      <input_file id="fl-3b">
         <path>C:\Program Files\ccs\tools\compiler\ti-cgt-msp430_21.6.0.LTS\lib\</path>
         <kind>archive</kind>
         <file>rts430x_lc_sd_eabi.lib</file>
         <name>int39.asm.obj</name>
      </input_file>
      <input_file id="fl-3c">
         <path>C:\Program Files\ccs\tools\compiler\ti-cgt-msp430_21.6.0.LTS\lib\</path>
         <kind>archive</kind>
         <file>rts430x_lc_sd_eabi.lib</file>
         <name>int42.asm.obj</name>
      </input_file>
      <input_file id="fl-3d">
         <path>C:\Program Files\ccs\tools\compiler\ti-cgt-msp430_21.6.0.LTS\lib\</path>
         <kind>archive</kind>
         <file>rts430x_lc_sd_eabi.lib</file>
         <name>int43.asm.obj</name>
      </input_file>
      <input_file id="fl-3e">
         <path>C:\Program Files\ccs\tools\compiler\ti-cgt-msp430_21.6.0.LTS\lib\</path>
         <kind>archive</kind>
         <file>rts430x_lc_sd_eabi.lib</file>
         <name>int44.asm.obj</name>
      </input_file>
      <input_file id="fl-3f">
         <path>C:\Program Files\ccs\tools\compiler\ti-cgt-msp430_21.6.0.LTS\lib\</path>
         <kind>archive</kind>
         <file>rts430x_lc_sd_eabi.lib</file>
         <name>int46.asm.obj</name>
      </input_file>
      <input_file id="fl-40">
         <path>C:\Program Files\ccs\tools\compiler\ti-cgt-msp430_21.6.0.LTS\lib\</path>
         <kind>archive</kind>
         <file>rts430x_lc_sd_eabi.lib</file>
         <name>int47.asm.obj</name>
      </input_file>
      <input_file id="fl-41">
         <path>C:\Program Files\ccs\tools\compiler\ti-cgt-msp430_21.6.0.LTS\lib\</path>
         <kind>archive</kind>
         <file>rts430x_lc_sd_eabi.lib</file>
         <name>int48.asm.obj</name>
      </input_file>
      <input_file id="fl-42">
         <path>C:\Program Files\ccs\tools\compiler\ti-cgt-msp430_21.6.0.LTS\lib\</path>
         <kind>archive</kind>
         <file>rts430x_lc_sd_eabi.lib</file>
         <name>int49.asm.obj</name>
      </input_file>
      <input_file id="fl-43">
         <path>C:\Program Files\ccs\tools\compiler\ti-cgt-msp430_21.6.0.LTS\lib\</path>
         <kind>archive</kind>
         <file>rts430x_lc_sd_eabi.lib</file>
         <name>int50.asm.obj</name>
      </input_file>
      <input_file id="fl-44">
         <path>C:\Program Files\ccs\tools\compiler\ti-cgt-msp430_21.6.0.LTS\lib\</path>
         <kind>archive</kind>
         <file>rts430x_lc_sd_eabi.lib</file>
         <name>int51.asm.obj</name>
      </input_file>
      <input_file id="fl-45">
         <path>C:\Program Files\ccs\tools\compiler\ti-cgt-msp430_21.6.0.LTS\lib\</path>
         <kind>archive</kind>
         <file>rts430x_lc_sd_eabi.lib</file>
         <name>int52.asm.obj</name>
      </input_file>
      <input_file id="fl-46">
         <path>C:\Program Files\ccs\tools\compiler\ti-cgt-msp430_21.6.0.LTS\lib\</path>
         <kind>archive</kind>
         <file>rts430x_lc_sd_eabi.lib</file>
         <name>int53.asm.obj</name>
      </input_file>
      <input_file id="fl-47">
         <path>C:\Program Files\ccs\tools\compiler\ti-cgt-msp430_21.6.0.LTS\lib\</path>
         <kind>archive</kind>
         <file>rts430x_lc_sd_eabi.lib</file>
         <name>int54.asm.obj</name>
      </input_file>
      <input_file id="fl-48">
         <path>C:\Program Files\ccs\tools\compiler\ti-cgt-msp430_21.6.0.LTS\lib\</path>
         <kind>archive</kind>
         <file>rts430x_lc_sd_eabi.lib</file>
         <name>copy_zero_init.c.obj</name>
      </input_file>
      <input_file id="fl-49">
         <path>C:\Program Files\ccs\tools\compiler\ti-cgt-msp430_21.6.0.LTS\lib\</path>
         <kind>archive</kind>
         <file>rts430x_lc_sd_eabi.lib</file>
         <name>cpy_util.asm.obj</name>
      </input_file>
      <input_file id="fl-4a">
         <path>C:\Program Files\ccs\tools\compiler\ti-cgt-msp430_21.6.0.LTS\lib\</path>
         <kind>archive</kind>
         <file>rts430x_lc_sd_eabi.lib</file>
         <name>div16u.asm.obj</name>
      </input_file>
      <input_file id="fl-4b">
         <path>C:\Program Files\ccs\tools\compiler\ti-cgt-msp430_21.6.0.LTS\lib\</path>
         <kind>archive</kind>
         <file>rts430x_lc_sd_eabi.lib</file>
         <name>div32u.asm.obj</name>
      </input_file>
      <input_file id="fl-4c">
         <path>C:\Program Files\ccs\tools\compiler\ti-cgt-msp430_21.6.0.LTS\lib\</path>
         <kind>archive</kind>
         <file>rts430x_lc_sd_eabi.lib</file>
         <name>mult16.asm.obj</name>
      </input_file>
      <input_file id="fl-4d">
         <path>C:\Program Files\ccs\tools\compiler\ti-cgt-msp430_21.6.0.LTS\lib\</path>
         <kind>archive</kind>
         <file>rts430x_lc_sd_eabi.lib</file>
         <name>mult16_f5hw.asm.obj</name>
      </input_file>
      <input_file id="fl-4e">
         <path>C:\Program Files\ccs\tools\compiler\ti-cgt-msp430_21.6.0.LTS\lib\</path>
         <kind>archive</kind>
         <file>rts430x_lc_sd_eabi.lib</file>
         <name>mult32.asm.obj</name>
      </input_file>
      <input_file id="fl-4f">
         <path>C:\Program Files\ccs\tools\compiler\ti-cgt-msp430_21.6.0.LTS\lib\</path>
         <kind>archive</kind>
         <file>rts430x_lc_sd_eabi.lib</file>
         <name>mult32_f5hw.asm.obj</name>
      </input_file>
      <input_file id="fl-50">
         <path>C:\Program Files\ccs\tools\compiler\ti-cgt-msp430_21.6.0.LTS\lib\</path>
         <kind>archive</kind>
         <file>rts430x_lc_sd_eabi.lib</file>
         <name>mult64_f5hw.asm.obj</name>
      </input_file>
      <input_file id="fl-51">
         <path>C:\Program Files\ccs\tools\compiler\ti-cgt-msp430_21.6.0.LTS\lib\</path>
         <kind>archive</kind>
         <file>rts430x_lc_sd_eabi.lib</file>
         <name>mult1632_f5hw.asm.obj</name>
      </input_file>
      <input_file id="fl-52">
         <path>C:\Program Files\ccs\tools\compiler\ti-cgt-msp430_21.6.0.LTS\lib\</path>
         <kind>archive</kind>
         <file>rts430x_lc_sd_eabi.lib</file>
         <name>mult3264_f5hw.asm.obj</name>
      </input_file>
      <input_file id="fl-53">
         <path>C:\Program Files\ccs\tools\compiler\ti-cgt-msp430_21.6.0.LTS\lib\</path>
         <kind>archive</kind>
         <file>rts430x_lc_sd_eabi.lib</file>
         <name>lsr64.c.obj</name>
      </input_file>
      <input_file id="fl-54">
         <path>C:\Program Files\ccs\tools\compiler\ti-cgt-msp430_21.6.0.LTS\lib\</path>
         <kind>archive</kind>
         <file>rts430x_lc_sd_eabi.lib</file>
         <name>boot.c.obj</name>
      </input_file>
      <input_file id="fl-55">
         <path>C:\Program Files\ccs\ccs_base\msp430\lib\FR57xx\</path>
         <kind>archive</kind>
         <file>MPU_INIT_FR57XX_LIB_CCS_msp430_large_code_small_data.lib</file>
         <name>mpu_init_fr57xx.obj</name>
      </input_file>
      <input_file id="fl-56">
         <path>C:\Program Files\ccs\tools\compiler\ti-cgt-msp430_21.6.0.LTS\lib\</path>
         <kind>archive</kind>
         <file>rts430x_lc_sd_eabi.lib</file>
         <name>args_main.c.obj</name>
      </input_file>
      <input_file id="fl-57">
         <path>C:\Program Files\ccs\tools\compiler\ti-cgt-msp430_21.6.0.LTS\lib\</path>
         <kind>archive</kind>
         <file>rts430x_lc_sd_eabi.lib</file>
         <name>autoinit.c.obj</name>
      </input_file>
      <input_file id="fl-58">
         <path>C:\Program Files\ccs\tools\compiler\ti-cgt-msp430_21.6.0.LTS\lib\</path>
         <kind>archive</kind>
         <file>rts430x_lc_sd_eabi.lib</file>
         <name>startup.c.obj</name>
      </input_file>
      <input_file id="fl-59">
         <path>C:\Program Files\ccs\tools\compiler\ti-cgt-msp430_21.6.0.LTS\lib\</path>
         <kind>archive</kind>
         <file>rts430x_lc_sd_eabi.lib</file>
         <name>pre_init.c.obj</name>
      </input_file>
      <input_file id="fl-5a">
         <path>C:\Program Files\ccs\tools\compiler\ti-cgt-msp430_21.6.0.LTS\lib\</path>
         <kind>archive</kind>
         <file>rts430x_lc_sd_eabi.lib</file>
         <name>cpy_tbl.c.obj</name>
      </input_file>
      <input_file id="fl-5b">
         <path>C:\Program Files\ccs\tools\compiler\ti-cgt-msp430_21.6.0.LTS\lib\</path>
         <kind>archive</kind>
         <file>rts430x_lc_sd_eabi.lib</file>
         <name>exit.c.obj</name>
      </input_file>
      <input_file id="fl-5c">
         <path>C:\Program Files\ccs\tools\compiler\ti-cgt-msp430_21.6.0.LTS\lib\</path>
         <kind>archive</kind>
         <file>rts430x_lc_sd_eabi.lib</file>
         <name>exit_gvars.c.obj</name>
      </input_file>
      <input_file id="fl-5d">
         <path>C:\Program Files\ccs\tools\compiler\ti-cgt-msp430_21.6.0.LTS\lib\</path>
         <kind>archive</kind>
         <file>rts430x_lc_sd_eabi.lib</file>
         <name>_lock.c.obj</name>
      </input_file>
      <input_file id="fl-5e">
         <path>C:\Program Files\ccs\tools\compiler\ti-cgt-msp430_21.6.0.LTS\lib\</path>
         <kind>archive</kind>
         <file>rts430x_lc_sd_eabi.lib</file>
         <name>memcpy.c.obj</name>
      </input_file>
   </input_file_list>
   <object_component_list>
      <object_component id="oc-533">
         <name>.TI.noinit</name>
         <load_address>0xc200</load_address>
         <run_address>0xc200</run_address>
         <size>0x16</size>
         <input_file_ref idref="fl-a"/>
      </object_component>
      <object_component id="oc-638">
         <name>__TI_handler_table</name>
         <load_address>0xc400</load_address>
         <run_address>0xc400</run_address>
         <size>0xc</size>
      </object_component>
      <object_component id="oc-63b">
         <name>.cinit..data.load</name>
         <load_address>0xc40c</load_address>
         <run_address>0xc40c</run_address>
         <size>0x8</size>
      </object_component>
      <object_component id="oc-63a">
         <name>.cinit..bss.load</name>
         <load_address>0xc414</load_address>
         <run_address>0xc414</run_address>
         <size>0x6</size>
      </object_component>
      <object_component id="oc-639">
         <name>__TI_cinit_table</name>
         <load_address>0xc41a</load_address>
         <run_address>0xc41a</run_address>
         <size>0x10</size>
      </object_component>
      <object_component id="oc-5d1">
         <name>.binit</name>
         <load_address>0xc42a</load_address>
         <run_address>0xc42a</run_address>
         <size>0x0</size>
      </object_component>
      <object_component id="oc-57a">
         <name>.const:.string:SETTINGS_DISPLAY_DATA</name>
         <load_address>0xc42a</load_address>
         <run_address>0xc42a</run_address>
         <size>0x330</size>
         <input_file_ref idref="fl-3"/>
      </object_component>
      <object_component id="oc-58a">
         <name>.const:.string:START_DISPLAY_DATA</name>
         <load_address>0xc75a</load_address>
         <run_address>0xc75a</run_address>
         <size>0x330</size>
         <input_file_ref idref="fl-4"/>
      </object_component>
      <object_component id="oc-43f">
         <name>.const:.string:DIGIT_DATA_20x32</name>
         <load_address>0xca8a</load_address>
         <run_address>0xca8a</run_address>
         <size>0x324</size>
         <input_file_ref idref="fl-5"/>
      </object_component>
      <object_component id="oc-44b">
         <name>.const:.string:DIGIT_DATA_12x16</name>
         <load_address>0xcdae</load_address>
         <run_address>0xcdae</run_address>
         <size>0x138</size>
         <input_file_ref idref="fl-5"/>
      </object_component>
      <object_component id="oc-4e9">
         <name>.const:.string:DIGIT_DATA_6x8</name>
         <load_address>0xcee6</load_address>
         <run_address>0xcee6</run_address>
         <size>0x4e</size>
         <input_file_ref idref="fl-5"/>
      </object_component>
      <object_component id="oc-57d">
         <name>.const</name>
         <load_address>0xcf34</load_address>
         <run_address>0xcf34</run_address>
         <size>0x3</size>
         <input_file_ref idref="fl-6"/>
      </object_component>
      <object_component id="oc-48d">
         <name>.text:button2</name>
         <load_address>0xd000</load_address>
         <run_address>0xd000</run_address>
         <size>0x1c0</size>
         <input_file_ref idref="fl-7"/>
      </object_component>
      <object_component id="oc-487">
         <name>.text:button1</name>
         <load_address>0xd1c0</load_address>
         <run_address>0xd1c0</run_address>
         <size>0x192</size>
         <input_file_ref idref="fl-7"/>
      </object_component>
      <object_component id="oc-34f">
         <name>.text:calc_speed</name>
         <load_address>0xd352</load_address>
         <run_address>0xd352</run_address>
         <size>0x162</size>
         <input_file_ref idref="fl-9"/>
      </object_component>
      <object_component id="oc-474">
         <name>.text:init_display</name>
         <load_address>0xd4b4</load_address>
         <run_address>0xd4b4</run_address>
         <size>0x11a</size>
         <input_file_ref idref="fl-7"/>
      </object_component>
      <object_component id="oc-516">
         <name>.text:time_draw_settings</name>
         <load_address>0xd5ce</load_address>
         <run_address>0xd5ce</run_address>
         <size>0xf4</size>
         <input_file_ref idref="fl-3"/>
      </object_component>
      <object_component id="oc-6e">
         <name>.text:decompress:lzss:__TI_decompress_lzss</name>
         <load_address>0xd6c2</load_address>
         <run_address>0xd6c2</run_address>
         <size>0xee</size>
         <input_file_ref idref="fl-31"/>
      </object_component>
      <object_component id="oc-510">
         <name>.text:dist_draw_settings</name>
         <load_address>0xd7b0</load_address>
         <run_address>0xd7b0</run_address>
         <size>0xec</size>
         <input_file_ref idref="fl-3"/>
      </object_component>
      <object_component id="oc-3d9">
         <name>.text:draw_number_6x8</name>
         <load_address>0xd89c</load_address>
         <run_address>0xd89c</run_address>
         <size>0xec</size>
         <input_file_ref idref="fl-5"/>
      </object_component>
      <object_component id="oc-50a">
         <name>.text:draw_settings_display</name>
         <load_address>0xd988</load_address>
         <run_address>0xd988</run_address>
         <size>0xe6</size>
         <input_file_ref idref="fl-3"/>
      </object_component>
      <object_component id="oc-522">
         <name>.text:draw_start_display</name>
         <load_address>0xda6e</load_address>
         <run_address>0xda6e</run_address>
         <size>0xd2</size>
         <input_file_ref idref="fl-4"/>
      </object_component>
      <object_component id="oc-4ee">
         <name>.text:get_fram</name>
         <load_address>0xdb40</load_address>
         <run_address>0xdb40</run_address>
         <size>0xc0</size>
         <input_file_ref idref="fl-a"/>
      </object_component>
      <object_component id="oc-46e">
         <name>.text:lcd_init</name>
         <load_address>0xdc00</load_address>
         <run_address>0xdc00</run_address>
         <size>0x9a</size>
         <input_file_ref idref="fl-6"/>
      </object_component>
      <object_component id="oc-2e1">
         <name>.text:_isr:TIMER_A0</name>
         <load_address>0xdc9a</load_address>
         <run_address>0xdc9a</run_address>
         <size>0x96</size>
         <input_file_ref idref="fl-9"/>
      </object_component>
      <object_component id="oc-5a1">
         <name>.text:changeDecInNumber</name>
         <load_address>0xdd30</load_address>
         <run_address>0xdd30</run_address>
         <size>0x8e</size>
         <input_file_ref idref="fl-7"/>
      </object_component>
      <object_component id="oc-5c2">
         <name>.text:time_draw</name>
         <load_address>0xddbe</load_address>
         <run_address>0xddbe</run_address>
         <size>0x7e</size>
         <input_file_ref idref="fl-4"/>
      </object_component>
      <object_component id="oc-355">
         <name>.text:calc_dist</name>
         <load_address>0xde3c</load_address>
         <run_address>0xde3c</run_address>
         <size>0x7a</size>
         <input_file_ref idref="fl-9"/>
      </object_component>
      <object_component id="oc-413">
         <name>.text:__TI_auto_init_nobinit_nopinit_hold_wdt:__TI_auto_init_nobinit_nopinit_hold_wdt</name>
         <load_address>0xdeb6</load_address>
         <run_address>0xdeb6</run_address>
         <size>0x6a</size>
         <input_file_ref idref="fl-57"/>
      </object_component>
      <object_component id="oc-2d5">
         <name>.text:_isr:port3_ISR</name>
         <load_address>0xdf20</load_address>
         <run_address>0xdf20</run_address>
         <size>0x6a</size>
         <input_file_ref idref="fl-7"/>
      </object_component>
      <object_component id="oc-361">
         <name>.text:dist_draw</name>
         <load_address>0xdf8a</load_address>
         <run_address>0xdf8a</run_address>
         <size>0x62</size>
         <input_file_ref idref="fl-4"/>
      </object_component>
      <object_component id="oc-35b">
         <name>.text:speed_draw</name>
         <load_address>0xdfec</load_address>
         <run_address>0xdfec</run_address>
         <size>0x5c</size>
         <input_file_ref idref="fl-4"/>
      </object_component>
      <object_component id="oc-595">
         <name>.text:getDecInNumber</name>
         <load_address>0xe048</load_address>
         <run_address>0xe048</run_address>
         <size>0x58</size>
         <input_file_ref idref="fl-7"/>
      </object_component>
      <object_component id="oc-3b5">
         <name>.text</name>
         <load_address>0xe0a0</load_address>
         <run_address>0xe0a0</run_address>
         <size>0x58</size>
         <input_file_ref idref="fl-4b"/>
      </object_component>
      <object_component id="oc-3c6">
         <name>.text:digit_draw_20x32</name>
         <load_address>0xe0f8</load_address>
         <run_address>0xe0f8</run_address>
         <size>0x48</size>
         <input_file_ref idref="fl-5"/>
      </object_component>
      <object_component id="oc-3d2">
         <name>.text:digit_draw_12x16</name>
         <load_address>0xe140</load_address>
         <run_address>0xe140</run_address>
         <size>0x44</size>
         <input_file_ref idref="fl-5"/>
      </object_component>
      <object_component id="oc-45c">
         <name>.text:settings_init</name>
         <load_address>0xe184</load_address>
         <run_address>0xe184</run_address>
         <size>0x44</size>
         <input_file_ref idref="fl-3"/>
      </object_component>
      <object_component id="oc-3e8">
         <name>.text:power_main_loop</name>
         <load_address>0xe1c8</load_address>
         <run_address>0xe1c8</run_address>
         <size>0x42</size>
         <input_file_ref idref="fl-8"/>
      </object_component>
      <object_component id="oc-2c4">
         <name>.text:__memcpy_far</name>
         <load_address>0xe20a</load_address>
         <run_address>0xe20a</run_address>
         <size>0x40</size>
         <input_file_ref idref="fl-49"/>
      </object_component>
      <object_component id="oc-2ed">
         <name>.text:decompress:ZI:__TI_zero_init_nomemset:__TI_zero_init_nomemset</name>
         <load_address>0xe24a</load_address>
         <run_address>0xe24a</run_address>
         <size>0x3e</size>
         <input_file_ref idref="fl-48"/>
      </object_component>
      <object_component id="oc-493">
         <name>.text:set_fram</name>
         <load_address>0xe288</load_address>
         <run_address>0xe288</run_address>
         <size>0x3e</size>
         <input_file_ref idref="fl-a"/>
      </object_component>
      <object_component id="oc-74">
         <name>.text:decompress:none:__TI_decompress_none</name>
         <load_address>0xe2c6</load_address>
         <run_address>0xe2c6</run_address>
         <size>0x3c</size>
         <input_file_ref idref="fl-32"/>
      </object_component>
      <object_component id="oc-455">
         <name>.text:digit_draw_6x8</name>
         <load_address>0xe302</load_address>
         <run_address>0xe302</run_address>
         <size>0x3c</size>
         <input_file_ref idref="fl-5"/>
      </object_component>
      <object_component id="oc-44f">
         <name>.text:digit_draw_6x8_invert</name>
         <load_address>0xe33e</load_address>
         <run_address>0xe33e</run_address>
         <size>0x3a</size>
         <input_file_ref idref="fl-5"/>
      </object_component>
      <object_component id="oc-442">
         <name>.text:lcd_set_pixels</name>
         <load_address>0xe378</load_address>
         <run_address>0xe378</run_address>
         <size>0x36</size>
         <input_file_ref idref="fl-6"/>
      </object_component>
      <object_component id="oc-3cc">
         <name>.text:digit_clear_20x32</name>
         <load_address>0xe3ae</load_address>
         <run_address>0xe3ae</run_address>
         <size>0x34</size>
         <input_file_ref idref="fl-5"/>
      </object_component>
      <object_component id="oc-503">
         <name>.text:lcd_clear_all</name>
         <load_address>0xe3e2</load_address>
         <run_address>0xe3e2</run_address>
         <size>0x2c</size>
         <input_file_ref idref="fl-6"/>
      </object_component>
      <object_component id="oc-52b">
         <name>.text:changeIntegerInSettings</name>
         <load_address>0xe40e</load_address>
         <run_address>0xe40e</run_address>
         <size>0x28</size>
         <input_file_ref idref="fl-7"/>
      </object_component>
      <object_component id="oc-2e7">
         <name>.text:_isr:TIMER0_A0_ISR</name>
         <load_address>0xe436</load_address>
         <run_address>0xe436</run_address>
         <size>0x26</size>
         <input_file_ref idref="fl-7"/>
      </object_component>
      <object_component id="oc-480">
         <name>.text:auswertung_init</name>
         <load_address>0xe45c</load_address>
         <run_address>0xe45c</run_address>
         <size>0x26</size>
         <input_file_ref idref="fl-9"/>
      </object_component>
      <object_component id="oc-59b">
         <name>.text:changeInteger</name>
         <load_address>0xe482</load_address>
         <run_address>0xe482</run_address>
         <size>0x26</size>
         <input_file_ref idref="fl-7"/>
      </object_component>
      <object_component id="oc-47a">
         <name>.text:port_init</name>
         <load_address>0xe4a8</load_address>
         <run_address>0xe4a8</run_address>
         <size>0x26</size>
         <input_file_ref idref="fl-7"/>
      </object_component>
      <object_component id="oc-51c">
         <name>.text:umfang_draw_settings</name>
         <load_address>0xe4ce</load_address>
         <run_address>0xe4ce</run_address>
         <size>0x26</size>
         <input_file_ref idref="fl-3"/>
      </object_component>
      <object_component id="oc-462">
         <name>.text:clock_init</name>
         <load_address>0xe4f4</load_address>
         <run_address>0xe4f4</run_address>
         <size>0x24</size>
         <input_file_ref idref="fl-7"/>
      </object_component>
      <object_component id="oc-3ba">
         <name>.text</name>
         <load_address>0xe518</load_address>
         <run_address>0xe518</run_address>
         <size>0x24</size>
         <input_file_ref idref="fl-4f"/>
      </object_component>
      <object_component id="oc-38e">
         <name>.text:__mpu_init</name>
         <load_address>0xe53c</load_address>
         <run_address>0xe53c</run_address>
         <size>0x22</size>
         <input_file_ref idref="fl-55"/>
      </object_component>
      <object_component id="oc-317">
         <name>.text:_isr:_c_int00_noargs_mpu</name>
         <load_address>0xe55e</load_address>
         <run_address>0xe55e</run_address>
         <size>0x20</size>
         <input_file_ref idref="fl-54"/>
      </object_component>
      <object_component id="oc-3e2">
         <name>.text:init</name>
         <load_address>0xe57e</load_address>
         <run_address>0xe57e</run_address>
         <size>0x1e</size>
         <input_file_ref idref="fl-7"/>
      </object_component>
      <object_component id="oc-2db">
         <name>.text:_isr:TIMER_A1</name>
         <load_address>0xe59c</load_address>
         <run_address>0xe59c</run_address>
         <size>0x1a</size>
         <input_file_ref idref="fl-9"/>
      </object_component>
      <object_component id="oc-37c">
         <name>.text:main</name>
         <load_address>0xe5b6</load_address>
         <run_address>0xe5b6</run_address>
         <size>0x18</size>
         <input_file_ref idref="fl-2"/>
      </object_component>
      <object_component id="oc-43a">
         <name>.text</name>
         <load_address>0xe5ce</load_address>
         <run_address>0xe5ce</run_address>
         <size>0x18</size>
         <input_file_ref idref="fl-4d"/>
      </object_component>
      <object_component id="oc-580">
         <name>.text:draw_settings</name>
         <load_address>0xe5e6</load_address>
         <run_address>0xe5e6</run_address>
         <size>0x16</size>
         <input_file_ref idref="fl-3"/>
      </object_component>
      <object_component id="oc-345">
         <name>.text</name>
         <load_address>0xe5fc</load_address>
         <run_address>0xe5fc</run_address>
         <size>0x16</size>
         <input_file_ref idref="fl-4a"/>
      </object_component>
      <object_component id="oc-567">
         <name>.text:lcd_spi_send_byte</name>
         <load_address>0xe612</load_address>
         <run_address>0xe612</run_address>
         <size>0x14</size>
         <input_file_ref idref="fl-6"/>
      </object_component>
      <object_component id="oc-468">
         <name>.text:timer_init</name>
         <load_address>0xe626</load_address>
         <run_address>0xe626</run_address>
         <size>0x14</size>
         <input_file_ref idref="fl-7"/>
      </object_component>
      <object_component id="oc-4f4">
         <name>.text:memcpy</name>
         <load_address>0xe63a</load_address>
         <run_address>0xe63a</run_address>
         <size>0x12</size>
         <input_file_ref idref="fl-5e"/>
      </object_component>
      <object_component id="oc-4de">
         <name>.text:lcd_send</name>
         <load_address>0xe64c</load_address>
         <run_address>0xe64c</run_address>
         <size>0x10</size>
         <input_file_ref idref="fl-6"/>
      </object_component>
      <object_component id="oc-561">
         <name>.text:lcd_set_cd</name>
         <load_address>0xe65c</load_address>
         <run_address>0xe65c</run_address>
         <size>0x10</size>
         <input_file_ref idref="fl-6"/>
      </object_component>
      <object_component id="oc-58d">
         <name>.text:draw_start</name>
         <load_address>0xe66c</load_address>
         <run_address>0xe66c</run_address>
         <size>0xe</size>
         <input_file_ref idref="fl-4"/>
      </object_component>
      <object_component id="oc-49f">
         <name>.text:reset_dynamo_timer</name>
         <load_address>0xe67a</load_address>
         <run_address>0xe67a</run_address>
         <size>0xe</size>
         <input_file_ref idref="fl-9"/>
      </object_component>
      <object_component id="oc-368">
         <name>.text:timer_disable</name>
         <load_address>0xe688</load_address>
         <run_address>0xe688</run_address>
         <size>0xc</size>
         <input_file_ref idref="fl-7"/>
      </object_component>
      <object_component id="oc-33a">
         <name>.text:timer_enable</name>
         <load_address>0xe694</load_address>
         <run_address>0xe694</run_address>
         <size>0xc</size>
         <input_file_ref idref="fl-7"/>
      </object_component>
      <object_component id="oc-2d0">
         <name>.text:_isr:__TI_ISR_TRAP</name>
         <load_address>0xe6a0</load_address>
         <run_address>0xe6a0</run_address>
         <size>0x8</size>
         <input_file_ref idref="fl-34"/>
      </object_component>
      <object_component id="oc-3ef">
         <name>.text:abort</name>
         <load_address>0xe6a8</load_address>
         <run_address>0xe6a8</run_address>
         <size>0x6</size>
         <input_file_ref idref="fl-5b"/>
      </object_component>
      <object_component id="oc-4fd">
         <name>.text:lcd_reset_h</name>
         <load_address>0xe6ae</load_address>
         <run_address>0xe6ae</run_address>
         <size>0x6</size>
         <input_file_ref idref="fl-6"/>
      </object_component>
      <object_component id="oc-499">
         <name>.text:lcd_reset_l</name>
         <load_address>0xe6b4</load_address>
         <run_address>0xe6b4</run_address>
         <size>0x6</size>
         <input_file_ref idref="fl-6"/>
      </object_component>
      <object_component id="oc-376">
         <name>.text:_system_pre_init</name>
         <load_address>0xe6ba</load_address>
         <run_address>0xe6ba</run_address>
         <size>0x4</size>
         <input_file_ref idref="fl-59"/>
      </object_component>
      <object_component id="oc-4b8">
         <name>.text:_system_post_cinit</name>
         <load_address>0xe6be</load_address>
         <run_address>0xe6be</run_address>
         <size>0x2</size>
         <input_file_ref idref="fl-58"/>
      </object_component>
      <object_component id="oc-3bf">
         <name>.common:Settings</name>
         <uninitialized>true</uninitialized>
         <run_address>0x1c00</run_address>
         <size>0x24</size>
      </object_component>
      <object_component id="oc-341">
         <name>.common:Shutdown</name>
         <uninitialized>true</uninitialized>
         <run_address>0x1c3d</run_address>
         <size>0x1</size>
      </object_component>
      <object_component id="oc-34c">
         <name>.common:Rechnen</name>
         <uninitialized>true</uninitialized>
         <run_address>0x1c3c</run_address>
         <size>0x1</size>
      </object_component>
      <object_component id="oc-34b">
         <name>.common:Anzahl_Nulldurchgaenge</name>
         <uninitialized>true</uninitialized>
         <run_address>0x1c24</run_address>
         <size>0x4</size>
      </object_component>
      <object_component id="oc-34a">
         <name>.common:Timer_ticks</name>
         <uninitialized>true</uninitialized>
         <run_address>0x1c30</run_address>
         <size>0x4</size>
      </object_component>
      <object_component id="oc-3c2">
         <name>.common:Speed</name>
         <uninitialized>true</uninitialized>
         <run_address>0x1c2c</run_address>
         <size>0x4</size>
      </object_component>
      <object_component id="oc-34d">
         <name>.common:temp_Anzahl_Nulldurchgaenge</name>
         <uninitialized>true</uninitialized>
         <run_address>0x1c34</run_address>
         <size>0x4</size>
      </object_component>
      <object_component id="oc-34e">
         <name>.common:temp_Timer_ticks</name>
         <uninitialized>true</uninitialized>
         <run_address>0x1c38</run_address>
         <size>0x4</size>
      </object_component>
      <object_component id="oc-3c4">
         <name>.common:Dist_Dezimeter</name>
         <uninitialized>true</uninitialized>
         <run_address>0x1c28</run_address>
         <size>0x4</size>
      </object_component>
      <object_component id="oc-334">
         <name>.data</name>
         <load_address>0x1c3e</load_address>
         <run_address>0x1c3e</run_address>
         <size>0x5</size>
         <input_file_ref idref="fl-7"/>
      </object_component>
      <object_component id="oc-337">
         <name>.data</name>
         <load_address>0x1c43</load_address>
         <run_address>0x1c43</run_address>
         <size>0x1</size>
         <input_file_ref idref="fl-8"/>
      </object_component>
      <object_component id="oc-2b5">
         <name>.stack</name>
         <uninitialized>true</uninitialized>
         <run_address>0x1f60</run_address>
         <size>0x2</size>
         <input_file_ref idref="fl-54"/>
      </object_component>
      <object_component id="oc-63c">
         <name>.stack</name>
         <uninitialized>true</uninitialized>
         <run_address>0x1f60</run_address>
         <size>0x0</size>
      </object_component>
      <object_component id="oc-7a">
         <name>.int31</name>
         <load_address>0xffce</load_address>
         <run_address>0xffce</run_address>
         <size>0x2</size>
         <input_file_ref idref="fl-33"/>
      </object_component>
      <object_component id="oc-7b">
         <name>.int32</name>
         <load_address>0xffd0</load_address>
         <run_address>0xffd0</run_address>
         <size>0x2</size>
         <input_file_ref idref="fl-35"/>
      </object_component>
      <object_component id="oc-7c">
         <name>.int33</name>
         <load_address>0xffd2</load_address>
         <run_address>0xffd2</run_address>
         <size>0x2</size>
         <input_file_ref idref="fl-7"/>
      </object_component>
      <object_component id="oc-7d">
         <name>.int34</name>
         <load_address>0xffd4</load_address>
         <run_address>0xffd4</run_address>
         <size>0x2</size>
         <input_file_ref idref="fl-36"/>
      </object_component>
      <object_component id="oc-7e">
         <name>.int35</name>
         <load_address>0xffd6</load_address>
         <run_address>0xffd6</run_address>
         <size>0x2</size>
         <input_file_ref idref="fl-37"/>
      </object_component>
      <object_component id="oc-7f">
         <name>.int36</name>
         <load_address>0xffd8</load_address>
         <run_address>0xffd8</run_address>
         <size>0x2</size>
         <input_file_ref idref="fl-38"/>
      </object_component>
      <object_component id="oc-80">
         <name>.int37</name>
         <load_address>0xffda</load_address>
         <run_address>0xffda</run_address>
         <size>0x2</size>
         <input_file_ref idref="fl-39"/>
      </object_component>
      <object_component id="oc-81">
         <name>.int38</name>
         <load_address>0xffdc</load_address>
         <run_address>0xffdc</run_address>
         <size>0x2</size>
         <input_file_ref idref="fl-3a"/>
      </object_component>
      <object_component id="oc-82">
         <name>.int39</name>
         <load_address>0xffde</load_address>
         <run_address>0xffde</run_address>
         <size>0x2</size>
         <input_file_ref idref="fl-3b"/>
      </object_component>
      <object_component id="oc-83">
         <name>.int40</name>
         <load_address>0xffe0</load_address>
         <run_address>0xffe0</run_address>
         <size>0x2</size>
         <input_file_ref idref="fl-9"/>
      </object_component>
      <object_component id="oc-84">
         <name>.int41</name>
         <load_address>0xffe2</load_address>
         <run_address>0xffe2</run_address>
         <size>0x2</size>
         <input_file_ref idref="fl-9"/>
      </object_component>
      <object_component id="oc-85">
         <name>.int42</name>
         <load_address>0xffe4</load_address>
         <run_address>0xffe4</run_address>
         <size>0x2</size>
         <input_file_ref idref="fl-3c"/>
      </object_component>
      <object_component id="oc-86">
         <name>.int43</name>
         <load_address>0xffe6</load_address>
         <run_address>0xffe6</run_address>
         <size>0x2</size>
         <input_file_ref idref="fl-3d"/>
      </object_component>
      <object_component id="oc-87">
         <name>.int44</name>
         <load_address>0xffe8</load_address>
         <run_address>0xffe8</run_address>
         <size>0x2</size>
         <input_file_ref idref="fl-3e"/>
      </object_component>
      <object_component id="oc-88">
         <name>.int45</name>
         <load_address>0xffea</load_address>
         <run_address>0xffea</run_address>
         <size>0x2</size>
         <input_file_ref idref="fl-7"/>
      </object_component>
      <object_component id="oc-89">
         <name>.int46</name>
         <load_address>0xffec</load_address>
         <run_address>0xffec</run_address>
         <size>0x2</size>
         <input_file_ref idref="fl-3f"/>
      </object_component>
      <object_component id="oc-8a">
         <name>.int47</name>
         <load_address>0xffee</load_address>
         <run_address>0xffee</run_address>
         <size>0x2</size>
         <input_file_ref idref="fl-40"/>
      </object_component>
      <object_component id="oc-8b">
         <name>.int48</name>
         <load_address>0xfff0</load_address>
         <run_address>0xfff0</run_address>
         <size>0x2</size>
         <input_file_ref idref="fl-41"/>
      </object_component>
      <object_component id="oc-8c">
         <name>.int49</name>
         <load_address>0xfff2</load_address>
         <run_address>0xfff2</run_address>
         <size>0x2</size>
         <input_file_ref idref="fl-42"/>
      </object_component>
      <object_component id="oc-8d">
         <name>.int50</name>
         <load_address>0xfff4</load_address>
         <run_address>0xfff4</run_address>
         <size>0x2</size>
         <input_file_ref idref="fl-43"/>
      </object_component>
      <object_component id="oc-8e">
         <name>.int51</name>
         <load_address>0xfff6</load_address>
         <run_address>0xfff6</run_address>
         <size>0x2</size>
         <input_file_ref idref="fl-44"/>
      </object_component>
      <object_component id="oc-8f">
         <name>.int52</name>
         <load_address>0xfff8</load_address>
         <run_address>0xfff8</run_address>
         <size>0x2</size>
         <input_file_ref idref="fl-45"/>
      </object_component>
      <object_component id="oc-90">
         <name>.int53</name>
         <load_address>0xfffa</load_address>
         <run_address>0xfffa</run_address>
         <size>0x2</size>
         <input_file_ref idref="fl-46"/>
      </object_component>
      <object_component id="oc-91">
         <name>.int54</name>
         <load_address>0xfffc</load_address>
         <run_address>0xfffc</run_address>
         <size>0x2</size>
         <input_file_ref idref="fl-47"/>
      </object_component>
      <object_component id="oc-2b8">
         <name>.reset</name>
         <load_address>0xfffe</load_address>
         <run_address>0xfffe</run_address>
         <size>0x2</size>
         <input_file_ref idref="fl-54"/>
      </object_component>
      <object_component id="oc-435">
         <name>.debug_info</name>
         <load_address>0x0</load_address>
         <run_address>0x0</run_address>
         <size>0x1c3</size>
         <input_file_ref idref="fl-2"/>
      </object_component>
      <object_component id="oc-37d">
         <name>.debug_info</name>
         <load_address>0x1c3</load_address>
         <run_address>0x1c3</run_address>
         <size>0x118</size>
         <input_file_ref idref="fl-2"/>
      </object_component>
      <object_component id="oc-3aa">
         <name>.debug_info</name>
         <load_address>0x2db</load_address>
         <run_address>0x2db</run_address>
         <size>0x26b</size>
         <input_file_ref idref="fl-2"/>
      </object_component>
      <object_component id="oc-2bf">
         <name>.debug_info</name>
         <load_address>0x546</load_address>
         <run_address>0x546</run_address>
         <size>0x84</size>
         <input_file_ref idref="fl-2"/>
      </object_component>
      <object_component id="oc-430">
         <name>.debug_info</name>
         <load_address>0x5ca</load_address>
         <run_address>0x5ca</run_address>
         <size>0x282</size>
         <input_file_ref idref="fl-2"/>
      </object_component>
      <object_component id="oc-3a2">
         <name>.debug_info</name>
         <load_address>0x84c</load_address>
         <run_address>0x84c</run_address>
         <size>0xbb</size>
         <input_file_ref idref="fl-2"/>
      </object_component>
      <object_component id="oc-3c0">
         <name>.debug_info</name>
         <load_address>0x907</load_address>
         <run_address>0x907</run_address>
         <size>0x317</size>
         <input_file_ref idref="fl-3"/>
      </object_component>
      <object_component id="oc-57b">
         <name>.debug_info</name>
         <load_address>0xc1e</load_address>
         <run_address>0xc1e</run_address>
         <size>0x12a</size>
         <input_file_ref idref="fl-3"/>
      </object_component>
      <object_component id="oc-51e">
         <name>.debug_info</name>
         <load_address>0xd48</load_address>
         <run_address>0xd48</run_address>
         <size>0x1e3</size>
         <input_file_ref idref="fl-3"/>
      </object_component>
      <object_component id="oc-517">
         <name>.debug_info</name>
         <load_address>0xf2b</load_address>
         <run_address>0xf2b</run_address>
         <size>0x32a</size>
         <input_file_ref idref="fl-3"/>
      </object_component>
      <object_component id="oc-45e">
         <name>.debug_info</name>
         <load_address>0x1255</load_address>
         <run_address>0x1255</run_address>
         <size>0x1bc</size>
         <input_file_ref idref="fl-3"/>
      </object_component>
      <object_component id="oc-511">
         <name>.debug_info</name>
         <load_address>0x1411</load_address>
         <run_address>0x1411</run_address>
         <size>0x26f</size>
         <input_file_ref idref="fl-3"/>
      </object_component>
      <object_component id="oc-581">
         <name>.debug_info</name>
         <load_address>0x1680</load_address>
         <run_address>0x1680</run_address>
         <size>0x1da</size>
         <input_file_ref idref="fl-3"/>
      </object_component>
      <object_component id="oc-50b">
         <name>.debug_info</name>
         <load_address>0x185a</load_address>
         <run_address>0x185a</run_address>
         <size>0x2e5</size>
         <input_file_ref idref="fl-3"/>
      </object_component>
      <object_component id="oc-3af">
         <name>.debug_info</name>
         <load_address>0x1b3f</load_address>
         <run_address>0x1b3f</run_address>
         <size>0x16b</size>
         <input_file_ref idref="fl-3"/>
      </object_component>
      <object_component id="oc-594">
         <name>.debug_info</name>
         <load_address>0x1caa</load_address>
         <run_address>0x1caa</run_address>
         <size>0x35e</size>
         <input_file_ref idref="fl-4"/>
      </object_component>
      <object_component id="oc-58b">
         <name>.debug_info</name>
         <load_address>0x2008</load_address>
         <run_address>0x2008</run_address>
         <size>0x121</size>
         <input_file_ref idref="fl-4"/>
      </object_component>
      <object_component id="oc-5c4">
         <name>.debug_info</name>
         <load_address>0x2129</load_address>
         <run_address>0x2129</run_address>
         <size>0x243</size>
         <input_file_ref idref="fl-4"/>
      </object_component>
      <object_component id="oc-35d">
         <name>.debug_info</name>
         <load_address>0x236c</load_address>
         <run_address>0x236c</run_address>
         <size>0x224</size>
         <input_file_ref idref="fl-4"/>
      </object_component>
      <object_component id="oc-362">
         <name>.debug_info</name>
         <load_address>0x2590</load_address>
         <run_address>0x2590</run_address>
         <size>0x1be</size>
         <input_file_ref idref="fl-4"/>
      </object_component>
      <object_component id="oc-590">
         <name>.debug_info</name>
         <load_address>0x274e</load_address>
         <run_address>0x274e</run_address>
         <size>0x1af</size>
         <input_file_ref idref="fl-4"/>
      </object_component>
      <object_component id="oc-523">
         <name>.debug_info</name>
         <load_address>0x28fd</load_address>
         <run_address>0x28fd</run_address>
         <size>0x2be</size>
         <input_file_ref idref="fl-4"/>
      </object_component>
      <object_component id="oc-449">
         <name>.debug_info</name>
         <load_address>0x2bbb</load_address>
         <run_address>0x2bbb</run_address>
         <size>0x1d3</size>
         <input_file_ref idref="fl-5"/>
      </object_component>
      <object_component id="oc-440">
         <name>.debug_info</name>
         <load_address>0x2d8e</load_address>
         <run_address>0x2d8e</run_address>
         <size>0x100</size>
         <input_file_ref idref="fl-5"/>
      </object_component>
      <object_component id="oc-44c">
         <name>.debug_info</name>
         <load_address>0x2e8e</load_address>
         <run_address>0x2e8e</run_address>
         <size>0x100</size>
         <input_file_ref idref="fl-5"/>
      </object_component>
      <object_component id="oc-4ea">
         <name>.debug_info</name>
         <load_address>0x2f8e</load_address>
         <run_address>0x2f8e</run_address>
         <size>0xfc</size>
         <input_file_ref idref="fl-5"/>
      </object_component>
      <object_component id="oc-452">
         <name>.debug_info</name>
         <load_address>0x308a</load_address>
         <run_address>0x308a</run_address>
         <size>0x1ff</size>
         <input_file_ref idref="fl-5"/>
      </object_component>
      <object_component id="oc-456">
         <name>.debug_info</name>
         <load_address>0x3289</load_address>
         <run_address>0x3289</run_address>
         <size>0x1f1</size>
         <input_file_ref idref="fl-5"/>
      </object_component>
      <object_component id="oc-3da">
         <name>.debug_info</name>
         <load_address>0x347a</load_address>
         <run_address>0x347a</run_address>
         <size>0x350</size>
         <input_file_ref idref="fl-5"/>
      </object_component>
      <object_component id="oc-3c7">
         <name>.debug_info</name>
         <load_address>0x37ca</load_address>
         <run_address>0x37ca</run_address>
         <size>0x209</size>
         <input_file_ref idref="fl-5"/>
      </object_component>
      <object_component id="oc-3d3">
         <name>.debug_info</name>
         <load_address>0x39d3</load_address>
         <run_address>0x39d3</run_address>
         <size>0x1f5</size>
         <input_file_ref idref="fl-5"/>
      </object_component>
      <object_component id="oc-3cd">
         <name>.debug_info</name>
         <load_address>0x3bc8</load_address>
         <run_address>0x3bc8</run_address>
         <size>0x1c4</size>
         <input_file_ref idref="fl-5"/>
      </object_component>
      <object_component id="oc-5be">
         <name>.debug_info</name>
         <load_address>0x3d8c</load_address>
         <run_address>0x3d8c</run_address>
         <size>0x282</size>
         <input_file_ref idref="fl-6"/>
      </object_component>
      <object_component id="oc-57e">
         <name>.debug_info</name>
         <load_address>0x400e</load_address>
         <run_address>0x400e</run_address>
         <size>0x15b</size>
         <input_file_ref idref="fl-6"/>
      </object_component>
      <object_component id="oc-568">
         <name>.debug_info</name>
         <load_address>0x4169</load_address>
         <run_address>0x4169</run_address>
         <size>0x18b</size>
         <input_file_ref idref="fl-6"/>
      </object_component>
      <object_component id="oc-562">
         <name>.debug_info</name>
         <load_address>0x42f4</load_address>
         <run_address>0x42f4</run_address>
         <size>0x17c</size>
         <input_file_ref idref="fl-6"/>
      </object_component>
      <object_component id="oc-4df">
         <name>.debug_info</name>
         <load_address>0x4470</load_address>
         <run_address>0x4470</run_address>
         <size>0x1b8</size>
         <input_file_ref idref="fl-6"/>
      </object_component>
      <object_component id="oc-444">
         <name>.debug_info</name>
         <load_address>0x4628</load_address>
         <run_address>0x4628</run_address>
         <size>0x1fd</size>
         <input_file_ref idref="fl-6"/>
      </object_component>
      <object_component id="oc-49a">
         <name>.debug_info</name>
         <load_address>0x4825</load_address>
         <run_address>0x4825</run_address>
         <size>0x158</size>
         <input_file_ref idref="fl-6"/>
      </object_component>
      <object_component id="oc-500">
         <name>.debug_info</name>
         <load_address>0x497d</load_address>
         <run_address>0x497d</run_address>
         <size>0x158</size>
         <input_file_ref idref="fl-6"/>
      </object_component>
      <object_component id="oc-507">
         <name>.debug_info</name>
         <load_address>0x4ad5</load_address>
         <run_address>0x4ad5</run_address>
         <size>0x188</size>
         <input_file_ref idref="fl-6"/>
      </object_component>
      <object_component id="oc-471">
         <name>.debug_info</name>
         <load_address>0x4c5d</load_address>
         <run_address>0x4c5d</run_address>
         <size>0x24e</size>
         <input_file_ref idref="fl-6"/>
      </object_component>
      <object_component id="oc-39f">
         <name>.debug_info</name>
         <load_address>0x4eab</load_address>
         <run_address>0x4eab</run_address>
         <size>0x518</size>
         <input_file_ref idref="fl-7"/>
      </object_component>
      <object_component id="oc-335">
         <name>.debug_info</name>
         <load_address>0x53c3</load_address>
         <run_address>0x53c3</run_address>
         <size>0x17e</size>
         <input_file_ref idref="fl-7"/>
      </object_component>
      <object_component id="oc-469">
         <name>.debug_info</name>
         <load_address>0x5541</load_address>
         <run_address>0x5541</run_address>
         <size>0x172</size>
         <input_file_ref idref="fl-7"/>
      </object_component>
      <object_component id="oc-33b">
         <name>.debug_info</name>
         <load_address>0x56b3</load_address>
         <run_address>0x56b3</run_address>
         <size>0x176</size>
         <input_file_ref idref="fl-7"/>
      </object_component>
      <object_component id="oc-369">
         <name>.debug_info</name>
         <load_address>0x5829</load_address>
         <run_address>0x5829</run_address>
         <size>0x178</size>
         <input_file_ref idref="fl-7"/>
      </object_component>
      <object_component id="oc-47b">
         <name>.debug_info</name>
         <load_address>0x59a1</load_address>
         <run_address>0x59a1</run_address>
         <size>0x170</size>
         <input_file_ref idref="fl-7"/>
      </object_component>
      <object_component id="oc-2d6">
         <name>.debug_info</name>
         <load_address>0x5b11</load_address>
         <run_address>0x5b11</run_address>
         <size>0x19a</size>
         <input_file_ref idref="fl-7"/>
      </object_component>
      <object_component id="oc-475">
         <name>.debug_info</name>
         <load_address>0x5cab</load_address>
         <run_address>0x5cab</run_address>
         <size>0x22a</size>
         <input_file_ref idref="fl-7"/>
      </object_component>
      <object_component id="oc-463">
         <name>.debug_info</name>
         <load_address>0x5ed5</load_address>
         <run_address>0x5ed5</run_address>
         <size>0x172</size>
         <input_file_ref idref="fl-7"/>
      </object_component>
      <object_component id="oc-3e3">
         <name>.debug_info</name>
         <load_address>0x6047</load_address>
         <run_address>0x6047</run_address>
         <size>0x1e4</size>
         <input_file_ref idref="fl-7"/>
      </object_component>
      <object_component id="oc-596">
         <name>.debug_info</name>
         <load_address>0x622b</load_address>
         <run_address>0x622b</run_address>
         <size>0x22c</size>
         <input_file_ref idref="fl-7"/>
      </object_component>
      <object_component id="oc-59c">
         <name>.debug_info</name>
         <load_address>0x6457</load_address>
         <run_address>0x6457</run_address>
         <size>0x1db</size>
         <input_file_ref idref="fl-7"/>
      </object_component>
      <object_component id="oc-5a2">
         <name>.debug_info</name>
         <load_address>0x6632</load_address>
         <run_address>0x6632</run_address>
         <size>0x29b</size>
         <input_file_ref idref="fl-7"/>
      </object_component>
      <object_component id="oc-52c">
         <name>.debug_info</name>
         <load_address>0x68cd</load_address>
         <run_address>0x68cd</run_address>
         <size>0x221</size>
         <input_file_ref idref="fl-7"/>
      </object_component>
      <object_component id="oc-48e">
         <name>.debug_info</name>
         <load_address>0x6aee</load_address>
         <run_address>0x6aee</run_address>
         <size>0x32d</size>
         <input_file_ref idref="fl-7"/>
      </object_component>
      <object_component id="oc-488">
         <name>.debug_info</name>
         <load_address>0x6e1b</load_address>
         <run_address>0x6e1b</run_address>
         <size>0x32f</size>
         <input_file_ref idref="fl-7"/>
      </object_component>
      <object_component id="oc-2e8">
         <name>.debug_info</name>
         <load_address>0x714a</load_address>
         <run_address>0x714a</run_address>
         <size>0x190</size>
         <input_file_ref idref="fl-7"/>
      </object_component>
      <object_component id="oc-338">
         <name>.debug_info</name>
         <load_address>0x72da</load_address>
         <run_address>0x72da</run_address>
         <size>0xf3</size>
         <input_file_ref idref="fl-8"/>
      </object_component>
      <object_component id="oc-3e9">
         <name>.debug_info</name>
         <load_address>0x73cd</load_address>
         <run_address>0x73cd</run_address>
         <size>0x1b0</size>
         <input_file_ref idref="fl-8"/>
      </object_component>
      <object_component id="oc-342">
         <name>.debug_info</name>
         <load_address>0x757d</load_address>
         <run_address>0x757d</run_address>
         <size>0x5d0</size>
         <input_file_ref idref="fl-9"/>
      </object_component>
      <object_component id="oc-4a0">
         <name>.debug_info</name>
         <load_address>0x7b4d</load_address>
         <run_address>0x7b4d</run_address>
         <size>0x182</size>
         <input_file_ref idref="fl-9"/>
      </object_component>
      <object_component id="oc-351">
         <name>.debug_info</name>
         <load_address>0x7ccf</load_address>
         <run_address>0x7ccf</run_address>
         <size>0x301</size>
         <input_file_ref idref="fl-9"/>
      </object_component>
      <object_component id="oc-357">
         <name>.debug_info</name>
         <load_address>0x7fd0</load_address>
         <run_address>0x7fd0</run_address>
         <size>0x1c3</size>
         <input_file_ref idref="fl-9"/>
      </object_component>
      <object_component id="oc-482">
         <name>.debug_info</name>
         <load_address>0x8193</load_address>
         <run_address>0x8193</run_address>
         <size>0x17c</size>
         <input_file_ref idref="fl-9"/>
      </object_component>
      <object_component id="oc-2dc">
         <name>.debug_info</name>
         <load_address>0x830f</load_address>
         <run_address>0x830f</run_address>
         <size>0x16f</size>
         <input_file_ref idref="fl-9"/>
      </object_component>
      <object_component id="oc-2e3">
         <name>.debug_info</name>
         <load_address>0x847e</load_address>
         <run_address>0x847e</run_address>
         <size>0x1c5</size>
         <input_file_ref idref="fl-9"/>
      </object_component>
      <object_component id="oc-534">
         <name>.debug_info</name>
         <load_address>0x8643</load_address>
         <run_address>0x8643</run_address>
         <size>0x1cd</size>
         <input_file_ref idref="fl-a"/>
      </object_component>
      <object_component id="oc-497">
         <name>.debug_info</name>
         <load_address>0x8810</load_address>
         <run_address>0x8810</run_address>
         <size>0x138</size>
         <input_file_ref idref="fl-a"/>
      </object_component>
      <object_component id="oc-4f2">
         <name>.debug_info</name>
         <load_address>0x8948</load_address>
         <run_address>0x8948</run_address>
         <size>0x15b</size>
         <input_file_ref idref="fl-a"/>
      </object_component>
      <object_component id="oc-70">
         <name>.debug_info</name>
         <load_address>0x8aa3</load_address>
         <run_address>0x8aa3</run_address>
         <size>0x2b8</size>
         <input_file_ref idref="fl-31"/>
      </object_component>
      <object_component id="oc-398">
         <name>.debug_info</name>
         <load_address>0x8d5b</load_address>
         <run_address>0x8d5b</run_address>
         <size>0x46</size>
         <input_file_ref idref="fl-31"/>
      </object_component>
      <object_component id="oc-32b">
         <name>.debug_info</name>
         <load_address>0x8da1</load_address>
         <run_address>0x8da1</run_address>
         <size>0x39</size>
         <input_file_ref idref="fl-31"/>
      </object_component>
      <object_component id="oc-2ba">
         <name>.debug_info</name>
         <load_address>0x8dda</load_address>
         <run_address>0x8dda</run_address>
         <size>0x60</size>
         <input_file_ref idref="fl-31"/>
      </object_component>
      <object_component id="oc-2cf">
         <name>.debug_info</name>
         <load_address>0x8e3a</load_address>
         <run_address>0x8e3a</run_address>
         <size>0x1da</size>
         <input_file_ref idref="fl-32"/>
      </object_component>
      <object_component id="oc-76">
         <name>.debug_info</name>
         <load_address>0x9014</load_address>
         <run_address>0x9014</run_address>
         <size>0x1f2</size>
         <input_file_ref idref="fl-32"/>
      </object_component>
      <object_component id="oc-2ca">
         <name>.debug_info</name>
         <load_address>0x9206</load_address>
         <run_address>0x9206</run_address>
         <size>0x46</size>
         <input_file_ref idref="fl-32"/>
      </object_component>
      <object_component id="oc-2d1">
         <name>.debug_info</name>
         <load_address>0x924c</load_address>
         <run_address>0x924c</run_address>
         <size>0x10f</size>
         <input_file_ref idref="fl-34"/>
      </object_component>
      <object_component id="oc-2ee">
         <name>.debug_info</name>
         <load_address>0x935b</load_address>
         <run_address>0x935b</run_address>
         <size>0x1d3</size>
         <input_file_ref idref="fl-48"/>
      </object_component>
      <object_component id="oc-370">
         <name>.debug_info</name>
         <load_address>0x952e</load_address>
         <run_address>0x952e</run_address>
         <size>0x46</size>
         <input_file_ref idref="fl-48"/>
      </object_component>
      <object_component id="oc-2c7">
         <name>.debug_info</name>
         <load_address>0x9574</load_address>
         <run_address>0x9574</run_address>
         <size>0x121</size>
         <input_file_ref idref="fl-49"/>
      </object_component>
      <object_component id="oc-346">
         <name>.debug_info</name>
         <load_address>0x9695</load_address>
         <run_address>0x9695</run_address>
         <size>0x121</size>
         <input_file_ref idref="fl-4a"/>
      </object_component>
      <object_component id="oc-3b7">
         <name>.debug_info</name>
         <load_address>0x97b6</load_address>
         <run_address>0x97b6</run_address>
         <size>0x123</size>
         <input_file_ref idref="fl-4b"/>
      </object_component>
      <object_component id="oc-43b">
         <name>.debug_info</name>
         <load_address>0x98d9</load_address>
         <run_address>0x98d9</run_address>
         <size>0x130</size>
         <input_file_ref idref="fl-4d"/>
      </object_component>
      <object_component id="oc-3bd">
         <name>.debug_info</name>
         <load_address>0x9a09</load_address>
         <run_address>0x9a09</run_address>
         <size>0x130</size>
         <input_file_ref idref="fl-4f"/>
      </object_component>
      <object_component id="oc-2b6">
         <name>.debug_info</name>
         <load_address>0x9b39</load_address>
         <run_address>0x9b39</run_address>
         <size>0x100</size>
         <input_file_ref idref="fl-54"/>
      </object_component>
      <object_component id="oc-31b">
         <name>.debug_info</name>
         <load_address>0x9c39</load_address>
         <run_address>0x9c39</run_address>
         <size>0x193</size>
         <input_file_ref idref="fl-54"/>
      </object_component>
      <object_component id="oc-392">
         <name>.debug_info</name>
         <load_address>0x9dcc</load_address>
         <run_address>0x9dcc</run_address>
         <size>0x115</size>
         <input_file_ref idref="fl-55"/>
      </object_component>
      <object_component id="oc-4bf">
         <name>.debug_info</name>
         <load_address>0x9ee1</load_address>
         <run_address>0x9ee1</run_address>
         <size>0x409</size>
         <input_file_ref idref="fl-57"/>
      </object_component>
      <object_component id="oc-416">
         <name>.debug_info</name>
         <load_address>0xa2ea</load_address>
         <run_address>0xa2ea</run_address>
         <size>0x216</size>
         <input_file_ref idref="fl-57"/>
      </object_component>
      <object_component id="oc-550">
         <name>.debug_info</name>
         <load_address>0xa500</load_address>
         <run_address>0xa500</run_address>
         <size>0x39</size>
         <input_file_ref idref="fl-57"/>
      </object_component>
      <object_component id="oc-55c">
         <name>.debug_info</name>
         <load_address>0xa539</load_address>
         <run_address>0xa539</run_address>
         <size>0x2c</size>
         <input_file_ref idref="fl-57"/>
      </object_component>
      <object_component id="oc-4ca">
         <name>.debug_info</name>
         <load_address>0xa565</load_address>
         <run_address>0xa565</run_address>
         <size>0x2c</size>
         <input_file_ref idref="fl-57"/>
      </object_component>
      <object_component id="oc-555">
         <name>.debug_info</name>
         <load_address>0xa591</load_address>
         <run_address>0xa591</run_address>
         <size>0xcd</size>
         <input_file_ref idref="fl-57"/>
      </object_component>
      <object_component id="oc-4bb">
         <name>.debug_info</name>
         <load_address>0xa65e</load_address>
         <run_address>0xa65e</run_address>
         <size>0x150</size>
         <input_file_ref idref="fl-58"/>
      </object_component>
      <object_component id="oc-37a">
         <name>.debug_info</name>
         <load_address>0xa7ae</load_address>
         <run_address>0xa7ae</run_address>
         <size>0x153</size>
         <input_file_ref idref="fl-59"/>
      </object_component>
      <object_component id="oc-573">
         <name>.debug_info</name>
         <load_address>0xa901</load_address>
         <run_address>0xa901</run_address>
         <size>0x2c</size>
         <input_file_ref idref="fl-5a"/>
      </object_component>
      <object_component id="oc-3f2">
         <name>.debug_info</name>
         <load_address>0xa92d</load_address>
         <run_address>0xa92d</run_address>
         <size>0x122</size>
         <input_file_ref idref="fl-5b"/>
      </object_component>
      <object_component id="oc-572">
         <name>.debug_info</name>
         <load_address>0xaa4f</load_address>
         <run_address>0xaa4f</run_address>
         <size>0x181</size>
         <input_file_ref idref="fl-5e"/>
      </object_component>
      <object_component id="oc-4f7">
         <name>.debug_info</name>
         <load_address>0xabd0</load_address>
         <run_address>0xabd0</run_address>
         <size>0x17a</size>
         <input_file_ref idref="fl-5e"/>
      </object_component>
      <object_component id="oc-63d">
         <name>.debug_info</name>
         <load_address>0xad4a</load_address>
         <run_address>0xad4a</run_address>
         <size>0xbc</size>
      </object_component>
      <object_component id="oc-4da">
         <name>.debug_line</name>
         <load_address>0x0</load_address>
         <run_address>0x0</run_address>
         <size>0x10e</size>
         <input_file_ref idref="fl-2"/>
      </object_component>
      <object_component id="oc-380">
         <name>.debug_line</name>
         <load_address>0x10e</load_address>
         <run_address>0x10e</run_address>
         <size>0x45</size>
         <input_file_ref idref="fl-2"/>
      </object_component>
      <object_component id="oc-3ad">
         <name>.debug_line</name>
         <load_address>0x153</load_address>
         <run_address>0x153</run_address>
         <size>0x75</size>
         <input_file_ref idref="fl-2"/>
      </object_component>
      <object_component id="oc-2c2">
         <name>.debug_line</name>
         <load_address>0x1c8</load_address>
         <run_address>0x1c8</run_address>
         <size>0x20</size>
         <input_file_ref idref="fl-2"/>
      </object_component>
      <object_component id="oc-433">
         <name>.debug_line</name>
         <load_address>0x1e8</load_address>
         <run_address>0x1e8</run_address>
         <size>0x79</size>
         <input_file_ref idref="fl-2"/>
      </object_component>
      <object_component id="oc-3a5">
         <name>.debug_line</name>
         <load_address>0x261</load_address>
         <run_address>0x261</run_address>
         <size>0x76</size>
         <input_file_ref idref="fl-2"/>
      </object_component>
      <object_component id="oc-439">
         <name>.debug_line</name>
         <load_address>0x2d7</load_address>
         <run_address>0x2d7</run_address>
         <size>0x14c</size>
         <input_file_ref idref="fl-3"/>
      </object_component>
      <object_component id="oc-5bb">
         <name>.debug_line</name>
         <load_address>0x423</load_address>
         <run_address>0x423</run_address>
         <size>0x51</size>
         <input_file_ref idref="fl-3"/>
      </object_component>
      <object_component id="oc-51d">
         <name>.debug_line</name>
         <load_address>0x474</load_address>
         <run_address>0x474</run_address>
         <size>0x67</size>
         <input_file_ref idref="fl-3"/>
      </object_component>
      <object_component id="oc-51a">
         <name>.debug_line</name>
         <load_address>0x4db</load_address>
         <run_address>0x4db</run_address>
         <size>0x90</size>
         <input_file_ref idref="fl-3"/>
      </object_component>
      <object_component id="oc-45d">
         <name>.debug_line</name>
         <load_address>0x56b</load_address>
         <run_address>0x56b</run_address>
         <size>0x6d</size>
         <input_file_ref idref="fl-3"/>
      </object_component>
      <object_component id="oc-515">
         <name>.debug_line</name>
         <load_address>0x5d8</load_address>
         <run_address>0x5d8</run_address>
         <size>0x7e</size>
         <input_file_ref idref="fl-3"/>
      </object_component>
      <object_component id="oc-584">
         <name>.debug_line</name>
         <load_address>0x656</load_address>
         <run_address>0x656</run_address>
         <size>0x69</size>
         <input_file_ref idref="fl-3"/>
      </object_component>
      <object_component id="oc-50e">
         <name>.debug_line</name>
         <load_address>0x6bf</load_address>
         <run_address>0x6bf</run_address>
         <size>0x92</size>
         <input_file_ref idref="fl-3"/>
      </object_component>
      <object_component id="oc-3b2">
         <name>.debug_line</name>
         <load_address>0x751</load_address>
         <run_address>0x751</run_address>
         <size>0x84</size>
         <input_file_ref idref="fl-3"/>
      </object_component>
      <object_component id="oc-5ca">
         <name>.debug_line</name>
         <load_address>0x7d5</load_address>
         <run_address>0x7d5</run_address>
         <size>0x12e</size>
         <input_file_ref idref="fl-4"/>
      </object_component>
      <object_component id="oc-5c1">
         <name>.debug_line</name>
         <load_address>0x903</load_address>
         <run_address>0x903</run_address>
         <size>0x4e</size>
         <input_file_ref idref="fl-4"/>
      </object_component>
      <object_component id="oc-5c3">
         <name>.debug_line</name>
         <load_address>0x951</load_address>
         <run_address>0x951</run_address>
         <size>0x6b</size>
         <input_file_ref idref="fl-4"/>
      </object_component>
      <object_component id="oc-360">
         <name>.debug_line</name>
         <load_address>0x9bc</load_address>
         <run_address>0x9bc</run_address>
         <size>0x6c</size>
         <input_file_ref idref="fl-4"/>
      </object_component>
      <object_component id="oc-365">
         <name>.debug_line</name>
         <load_address>0xa28</load_address>
         <run_address>0xa28</run_address>
         <size>0x66</size>
         <input_file_ref idref="fl-4"/>
      </object_component>
      <object_component id="oc-58f">
         <name>.debug_line</name>
         <load_address>0xa8e</load_address>
         <run_address>0xa8e</run_address>
         <size>0x66</size>
         <input_file_ref idref="fl-4"/>
      </object_component>
      <object_component id="oc-526">
         <name>.debug_line</name>
         <load_address>0xaf4</load_address>
         <run_address>0xaf4</run_address>
         <size>0x8e</size>
         <input_file_ref idref="fl-4"/>
      </object_component>
      <object_component id="oc-4e6">
         <name>.debug_line</name>
         <load_address>0xb82</load_address>
         <run_address>0xb82</run_address>
         <size>0x41</size>
         <input_file_ref idref="fl-5"/>
      </object_component>
      <object_component id="oc-4dd">
         <name>.debug_line</name>
         <load_address>0xbc3</load_address>
         <run_address>0xbc3</run_address>
         <size>0x43</size>
         <input_file_ref idref="fl-5"/>
      </object_component>
      <object_component id="oc-4e8">
         <name>.debug_line</name>
         <load_address>0xc06</load_address>
         <run_address>0xc06</run_address>
         <size>0x43</size>
         <input_file_ref idref="fl-5"/>
      </object_component>
      <object_component id="oc-56f">
         <name>.debug_line</name>
         <load_address>0xc49</load_address>
         <run_address>0xc49</run_address>
         <size>0x43</size>
         <input_file_ref idref="fl-5"/>
      </object_component>
      <object_component id="oc-451">
         <name>.debug_line</name>
         <load_address>0xc8c</load_address>
         <run_address>0xc8c</run_address>
         <size>0x69</size>
         <input_file_ref idref="fl-5"/>
      </object_component>
      <object_component id="oc-45a">
         <name>.debug_line</name>
         <load_address>0xcf5</load_address>
         <run_address>0xcf5</run_address>
         <size>0x69</size>
         <input_file_ref idref="fl-5"/>
      </object_component>
      <object_component id="oc-3dd">
         <name>.debug_line</name>
         <load_address>0xd5e</load_address>
         <run_address>0xd5e</run_address>
         <size>0xa5</size>
         <input_file_ref idref="fl-5"/>
      </object_component>
      <object_component id="oc-3ca">
         <name>.debug_line</name>
         <load_address>0xe03</load_address>
         <run_address>0xe03</run_address>
         <size>0x69</size>
         <input_file_ref idref="fl-5"/>
      </object_component>
      <object_component id="oc-3d6">
         <name>.debug_line</name>
         <load_address>0xe6c</load_address>
         <run_address>0xe6c</run_address>
         <size>0x69</size>
         <input_file_ref idref="fl-5"/>
      </object_component>
      <object_component id="oc-3d0">
         <name>.debug_line</name>
         <load_address>0xed5</load_address>
         <run_address>0xed5</run_address>
         <size>0x65</size>
         <input_file_ref idref="fl-5"/>
      </object_component>
      <object_component id="oc-5cf">
         <name>.debug_line</name>
         <load_address>0xf3a</load_address>
         <run_address>0xf3a</run_address>
         <size>0x5f</size>
         <input_file_ref idref="fl-6"/>
      </object_component>
      <object_component id="oc-5bd">
         <name>.debug_line</name>
         <load_address>0xf99</load_address>
         <run_address>0xf99</run_address>
         <size>0x41</size>
         <input_file_ref idref="fl-6"/>
      </object_component>
      <object_component id="oc-56c">
         <name>.debug_line</name>
         <load_address>0xfda</load_address>
         <run_address>0xfda</run_address>
         <size>0x59</size>
         <input_file_ref idref="fl-6"/>
      </object_component>
      <object_component id="oc-566">
         <name>.debug_line</name>
         <load_address>0x1033</load_address>
         <run_address>0x1033</run_address>
         <size>0x5b</size>
[...]
         <name>__TI_CINIT_Base</name>
         <value>0xc41a</value>
      </symbol>
      <symbol id="sm-223">
         <name>__TI_CINIT_Limit</name>
         <value>0xc42a</value>
      </symbol>
      <symbol id="sm-224">
         <name>__TI_CINIT_Warm</name>
         <value>0xc42a</value>
      </symbol>
      <symbol id="sm-225">
         <name>__TI_Handler_Table_Base</name>
         <value>0xc400</value>
      </symbol>
      <symbol id="sm-226">
         <name>__TI_Handler_Table_Limit</name>
         <value>0xc40c</value>
      </symbol>
      <symbol id="sm-227">
         <name>__STACK_SIZE</name>
         <value>0xa0</value>
      </symbol>
      <symbol id="sm-228">
         <name>__STACK_END</name>
         <value>0x2000</value>
      </symbol>
      <symbol id="sm-229">
         <name>__c_args__</name>
         <value>0xffffffff</value>
      </symbol>
      <symbol id="sm-22a">
         <name>__TI_pprof_out_hndl</name>
         <value>0xffffffff</value>
      </symbol>
      <symbol id="sm-22b">
         <name>__TI_prof_data_start</name>
         <value>0xffffffff</value>
      </symbol>
      <symbol id="sm-22c">
         <name>__TI_prof_data_size</name>
         <value>0xffffffff</value>
      </symbol>
      <symbol id="sm-2a3">
         <name>main</name>
         <value>0xe5b6</value>
         <object_component_ref idref="oc-37c"/>
      </symbol>
      <symbol id="sm-2ee">
         <name>Settings</name>
         <value>0x1c00</value>
      </symbol>
      <symbol id="sm-2ef">
         <name>settings_init</name>
         <value>0xe184</value>
         <object_component_ref idref="oc-45c"/>
      </symbol>
      <symbol id="sm-2f0">
         <name>draw_settings</name>
         <value>0xe5e6</value>
         <object_component_ref idref="oc-580"/>
      </symbol>
      <symbol id="sm-2f1">
         <name>draw_settings_display</name>
         <value>0xd988</value>
         <object_component_ref idref="oc-50a"/>
      </symbol>
      <symbol id="sm-2f2">
         <name>time_draw_settings</name>
         <value>0xd5ce</value>
         <object_component_ref idref="oc-516"/>
      </symbol>
      <symbol id="sm-2f3">
         <name>umfang_draw_settings</name>
         <value>0xe4ce</value>
         <object_component_ref idref="oc-51c"/>
      </symbol>
      <symbol id="sm-2f4">
         <name>dist_draw_settings</name>
         <value>0xd7b0</value>
         <object_component_ref idref="oc-510"/>
      </symbol>
      <symbol id="sm-328">
         <name>draw_start_display</name>
         <value>0xda6e</value>
         <object_component_ref idref="oc-522"/>
      </symbol>
      <symbol id="sm-329">
         <name>dist_draw</name>
         <value>0xdf8a</value>
         <object_component_ref idref="oc-361"/>
      </symbol>
      <symbol id="sm-32a">
         <name>time_draw</name>
         <value>0xddbe</value>
         <object_component_ref idref="oc-5c2"/>
      </symbol>
      <symbol id="sm-32b">
         <name>speed_draw</name>
         <value>0xdfec</value>
         <object_component_ref idref="oc-35b"/>
      </symbol>
      <symbol id="sm-32c">
         <name>draw_start</name>
         <value>0xe66c</value>
         <object_component_ref idref="oc-58d"/>
      </symbol>
      <symbol id="sm-388">
         <name>digit_draw_6x8</name>
         <value>0xe302</value>
         <object_component_ref idref="oc-455"/>
      </symbol>
      <symbol id="sm-389">
         <name>digit_draw_20x32</name>
         <value>0xe0f8</value>
         <object_component_ref idref="oc-3c6"/>
      </symbol>
      <symbol id="sm-38a">
         <name>digit_draw_6x8_invert</name>
         <value>0xe33e</value>
         <object_component_ref idref="oc-44f"/>
      </symbol>
      <symbol id="sm-38b">
         <name>draw_number_6x8</name>
         <value>0xd89c</value>
         <object_component_ref idref="oc-3d9"/>
      </symbol>
      <symbol id="sm-38c">
         <name>digit_clear_20x32</name>
         <value>0xe3ae</value>
         <object_component_ref idref="oc-3cc"/>
      </symbol>
      <symbol id="sm-38d">
         <name>digit_draw_12x16</name>
         <value>0xe140</value>
         <object_component_ref idref="oc-3d2"/>
      </symbol>
      <symbol id="sm-3da">
         <name>lcd_clear_all</name>
         <value>0xe3e2</value>
         <object_component_ref idref="oc-503"/>
      </symbol>
      <symbol id="sm-3db">
         <name>lcd_send</name>
         <value>0xe64c</value>
         <object_component_ref idref="oc-4de"/>
      </symbol>
      <symbol id="sm-3dc">
         <name>lcd_disable</name>
         <value>0xe6b4</value>
         <object_component_ref idref="oc-499"/>
      </symbol>
      <symbol id="sm-3dd">
         <name>lcd_spi_send_byte</name>
         <value>0xe612</value>
         <object_component_ref idref="oc-567"/>
      </symbol>
      <symbol id="sm-3de">
         <name>LCD_Y_SIZE</name>
         <value>0xcf35</value>
         <object_component_ref idref="oc-57d"/>
      </symbol>
      <symbol id="sm-3df">
         <name>LCD_X_SIZE</name>
         <value>0xcf34</value>
         <object_component_ref idref="oc-57d"/>
      </symbol>
      <symbol id="sm-3e0">
         <name>lcd_init</name>
         <value>0xdc00</value>
         <object_component_ref idref="oc-46e"/>
      </symbol>
      <symbol id="sm-3e1">
         <name>LCD_Y_SIZE_PAGES</name>
         <value>0xcf36</value>
         <object_component_ref idref="oc-57d"/>
      </symbol>
      <symbol id="sm-3e2">
         <name>lcd_set_pixels</name>
         <value>0xe378</value>
         <object_component_ref idref="oc-442"/>
      </symbol>
      <symbol id="sm-488">
         <name>Screen</name>
         <value>0x1c40</value>
         <object_component_ref idref="oc-334"/>
      </symbol>
      <symbol id="sm-489">
         <name>button1</name>
         <value>0xd1c0</value>
         <object_component_ref idref="oc-487"/>
      </symbol>
      <symbol id="sm-48a">
         <name>button2</name>
         <value>0xd000</value>
         <object_component_ref idref="oc-48d"/>
      </symbol>
      <symbol id="sm-48b">
         <name>timer_disable</name>
         <value>0xe688</value>
         <object_component_ref idref="oc-368"/>
      </symbol>
      <symbol id="sm-48c">
         <name>__TI_int33</name>
         <value>0xffd2</value>
         <object_component_ref idref="oc-7c"/>
      </symbol>
      <symbol id="sm-48d">
         <name>port3_ISR</name>
         <value>0xdf20</value>
         <object_component_ref idref="oc-2d5"/>
      </symbol>
      <symbol id="sm-48e">
         <name>timer_enable</name>
         <value>0xe694</value>
         <object_component_ref idref="oc-33a"/>
      </symbol>
      <symbol id="sm-48f">
         <name>__TI_int45</name>
         <value>0xffea</value>
         <object_component_ref idref="oc-88"/>
      </symbol>
      <symbol id="sm-490">
         <name>changeIntegerInSettings</name>
         <value>0xe40e</value>
         <object_component_ref idref="oc-52b"/>
      </symbol>
      <symbol id="sm-491">
         <name>clock_init</name>
         <value>0xe4f4</value>
         <object_component_ref idref="oc-462"/>
      </symbol>
      <symbol id="sm-492">
         <name>port_init</name>
         <value>0xe4a8</value>
         <object_component_ref idref="oc-47a"/>
      </symbol>
      <symbol id="sm-493">
         <name>timer_init</name>
         <value>0xe626</value>
         <object_component_ref idref="oc-468"/>
      </symbol>
      <symbol id="sm-494">
         <name>changeInteger</name>
         <value>0xe482</value>
         <object_component_ref idref="oc-59b"/>
      </symbol>
      <symbol id="sm-495">
         <name>changeDecInNumber</name>
         <value>0xdd30</value>
         <object_component_ref idref="oc-5a1"/>
      </symbol>
      <symbol id="sm-496">
         <name>init</name>
         <value>0xe57e</value>
         <object_component_ref idref="oc-3e2"/>
      </symbol>
      <symbol id="sm-497">
         <name>getDecInNumber</name>
         <value>0xe048</value>
         <object_component_ref idref="oc-595"/>
      </symbol>
      <symbol id="sm-498">
         <name>init_display</name>
         <value>0xd4b4</value>
         <object_component_ref idref="oc-474"/>
      </symbol>
      <symbol id="sm-499">
         <name>Click1</name>
         <value>0x1c3e</value>
         <object_component_ref idref="oc-334"/>
      </symbol>
      <symbol id="sm-49a">
         <name>Click2</name>
         <value>0x1c3f</value>
         <object_component_ref idref="oc-334"/>
      </symbol>
      <symbol id="sm-49b">
         <name>y_value</name>
         <value>0x1c42</value>
         <object_component_ref idref="oc-334"/>
      </symbol>
      <symbol id="sm-49c">
         <name>TIMER0_A0_ISR</name>
         <value>0xe436</value>
         <object_component_ref idref="oc-2e7"/>
      </symbol>
      <symbol id="sm-49d">
         <name>x_value</name>
         <value>0x1c41</value>
         <object_component_ref idref="oc-334"/>
      </symbol>
      <symbol id="sm-4ad">
         <name>powerstatus</name>
         <value>0x1c43</value>
         <object_component_ref idref="oc-337"/>
      </symbol>
      <symbol id="sm-4ae">
         <name>power_main_loop</name>
         <value>0xe1c8</value>
         <object_component_ref idref="oc-3e8"/>
      </symbol>
      <symbol id="sm-4eb">
         <name>Shutdown</name>
         <value>0x1c3d</value>
      </symbol>
      <symbol id="sm-4ec">
         <name>Rechnen</name>
         <value>0x1c3c</value>
      </symbol>
      <symbol id="sm-4ed">
         <name>Anzahl_Nulldurchgaenge</name>
         <value>0x1c24</value>
      </symbol>
      <symbol id="sm-4ee">
         <name>Timer_ticks</name>
         <value>0x1c30</value>
      </symbol>
      <symbol id="sm-4ef">
         <name>Speed</name>
         <value>0x1c2c</value>
      </symbol>
      <symbol id="sm-4f0">
         <name>temp_Anzahl_Nulldurchgaenge</name>
         <value>0x1c34</value>
      </symbol>
      <symbol id="sm-4f1">
         <name>temp_Timer_ticks</name>
         <value>0x1c38</value>
      </symbol>
      <symbol id="sm-4f2">
         <name>Dist_Dezimeter</name>
         <value>0x1c28</value>
      </symbol>
      <symbol id="sm-4f3">
         <name>TIMER_A1</name>
         <value>0xe59c</value>
         <object_component_ref idref="oc-2db"/>
      </symbol>
      <symbol id="sm-4f4">
         <name>TIMER_A0</name>
         <value>0xdc9a</value>
         <object_component_ref idref="oc-2e1"/>
      </symbol>
      <symbol id="sm-4f5">
         <name>reset_dynamo_timer</name>
         <value>0xe67a</value>
         <object_component_ref idref="oc-49f"/>
      </symbol>
      <symbol id="sm-4f6">
         <name>calc_speed</name>
         <value>0xd352</value>
         <object_component_ref idref="oc-34f"/>
      </symbol>
      <symbol id="sm-4f7">
         <name>__TI_int40</name>
         <value>0xffe0</value>
         <object_component_ref idref="oc-83"/>
      </symbol>
      <symbol id="sm-4f8">
         <name>__TI_int41</name>
         <value>0xffe2</value>
         <object_component_ref idref="oc-84"/>
      </symbol>
      <symbol id="sm-4f9">
         <name>calc_dist</name>
         <value>0xde3c</value>
         <object_component_ref idref="oc-355"/>
      </symbol>
      <symbol id="sm-4fa">
         <name>auswertung_init</name>
         <value>0xe45c</value>
         <object_component_ref idref="oc-480"/>
      </symbol>
      <symbol id="sm-512">
         <name>radumfang_fram</name>
         <value>0xc200</value>
         <object_component_ref idref="oc-533"/>
      </symbol>
      <symbol id="sm-513">
         <name>dist1_fram</name>
         <value>0xc204</value>
         <object_component_ref idref="oc-533"/>
      </symbol>
      <symbol id="sm-514">
         <name>dist2_fram</name>
         <value>0xc208</value>
         <object_component_ref idref="oc-533"/>
      </symbol>
      <symbol id="sm-515">
         <name>dist3_fram</name>
         <value>0xc20c</value>
         <object_component_ref idref="oc-533"/>
      </symbol>
      <symbol id="sm-516">
         <name>first_init_fram</name>
         <value>0xc210</value>
         <object_component_ref idref="oc-533"/>
      </symbol>
      <symbol id="sm-517">
         <name>get_fram</name>
         <value>0xdb40</value>
         <object_component_ref idref="oc-4ee"/>
      </symbol>
      <symbol id="sm-518">
         <name>Dist_Dezimeter_fram</name>
         <value>0xc212</value>
         <object_component_ref idref="oc-533"/>
      </symbol>
      <symbol id="sm-519">
         <name>set_fram</name>
         <value>0xe288</value>
         <object_component_ref idref="oc-493"/>
      </symbol>
      <symbol id="sm-53a">
         <name>__TI_decompress_lzss</name>
         <value>0xd6c2</value>
         <object_component_ref idref="oc-6e"/>
      </symbol>
      <symbol id="sm-54b">
         <name>__TI_decompress_none</name>
         <value>0xe2c6</value>
         <object_component_ref idref="oc-74"/>
      </symbol>
      <symbol id="sm-54e">
         <name>__TI_int31</name>
         <value>0xffce</value>
         <object_component_ref idref="oc-7a"/>
      </symbol>
      <symbol id="sm-556">
         <name>__TI_ISR_TRAP</name>
         <value>0xe6a0</value>
         <object_component_ref idref="oc-2d0"/>
      </symbol>
      <symbol id="sm-559">
         <name>__TI_int32</name>
         <value>0xffd0</value>
         <object_component_ref idref="oc-7b"/>
      </symbol>
      <symbol id="sm-55c">
         <name>__TI_int34</name>
         <value>0xffd4</value>
         <object_component_ref idref="oc-7d"/>
      </symbol>
      <symbol id="sm-55f">
         <name>__TI_int35</name>
         <value>0xffd6</value>
         <object_component_ref idref="oc-7e"/>
      </symbol>
      <symbol id="sm-562">
         <name>__TI_int36</name>
         <value>0xffd8</value>
         <object_component_ref idref="oc-7f"/>
      </symbol>
      <symbol id="sm-565">
         <name>__TI_int37</name>
         <value>0xffda</value>
         <object_component_ref idref="oc-80"/>
      </symbol>
      <symbol id="sm-568">
         <name>__TI_int38</name>
         <value>0xffdc</value>
         <object_component_ref idref="oc-81"/>
      </symbol>
      <symbol id="sm-56b">
         <name>__TI_int39</name>
         <value>0xffde</value>
         <object_component_ref idref="oc-82"/>
      </symbol>
      <symbol id="sm-56e">
         <name>__TI_int42</name>
         <value>0xffe4</value>
         <object_component_ref idref="oc-85"/>
      </symbol>
      <symbol id="sm-571">
         <name>__TI_int43</name>
         <value>0xffe6</value>
         <object_component_ref idref="oc-86"/>
      </symbol>
      <symbol id="sm-574">
         <name>__TI_int44</name>
         <value>0xffe8</value>
         <object_component_ref idref="oc-87"/>
      </symbol>
      <symbol id="sm-577">
         <name>__TI_int46</name>
         <value>0xffec</value>
         <object_component_ref idref="oc-89"/>
      </symbol>
      <symbol id="sm-57a">
         <name>__TI_int47</name>
         <value>0xffee</value>
         <object_component_ref idref="oc-8a"/>
      </symbol>
      <symbol id="sm-57d">
         <name>__TI_int48</name>
         <value>0xfff0</value>
         <object_component_ref idref="oc-8b"/>
      </symbol>
      <symbol id="sm-580">
         <name>__TI_int49</name>
         <value>0xfff2</value>
         <object_component_ref idref="oc-8c"/>
      </symbol>
      <symbol id="sm-583">
         <name>__TI_int50</name>
         <value>0xfff4</value>
         <object_component_ref idref="oc-8d"/>
      </symbol>
      <symbol id="sm-586">
         <name>__TI_int51</name>
         <value>0xfff6</value>
         <object_component_ref idref="oc-8e"/>
      </symbol>
      <symbol id="sm-589">
         <name>__TI_int52</name>
         <value>0xfff8</value>
         <object_component_ref idref="oc-8f"/>
      </symbol>
      <symbol id="sm-58c">
         <name>__TI_int53</name>
         <value>0xfffa</value>
         <object_component_ref idref="oc-90"/>
      </symbol>
      <symbol id="sm-58f">
         <name>__TI_int54</name>
         <value>0xfffc</value>
         <object_component_ref idref="oc-91"/>
      </symbol>
      <symbol id="sm-59f">
         <name>__TI_zero_init_nomemset</name>
         <value>0xe24a</value>
         <object_component_ref idref="oc-2ed"/>
      </symbol>
      <symbol id="sm-5aa">
         <name>__memcpy_far</name>
         <value>0xe20a</value>
         <object_component_ref idref="oc-2c4"/>
      </symbol>
      <symbol id="sm-5b4">
         <name>__mspabi_remu</name>
         <value>0xe5fc</value>
         <object_component_ref idref="oc-345"/>
      </symbol>
      <symbol id="sm-5b5">
         <name>__mspabi_divu</name>
         <value>0xe5fc</value>
         <object_component_ref idref="oc-345"/>
      </symbol>
      <symbol id="sm-5c3">
         <name>__mspabi_remul</name>
         <value>0xe0a0</value>
         <object_component_ref idref="oc-3b5"/>
      </symbol>
      <symbol id="sm-5c4">
         <name>__mspabi_divul</name>
         <value>0xe0a0</value>
         <object_component_ref idref="oc-3b5"/>
      </symbol>
      <symbol id="sm-5cd">
         <name>__mspabi_mpyi_f5hw</name>
         <value>0xe5ce</value>
         <object_component_ref idref="oc-43a"/>
      </symbol>
      <symbol id="sm-5d6">
         <name>__mspabi_mpyl_f5hw</name>
         <value>0xe518</value>
         <object_component_ref idref="oc-3ba"/>
      </symbol>
      <symbol id="sm-5ea">
         <name>_c_int00_noargs_mpu</name>
         <value>0xe55e</value>
         <object_component_ref idref="oc-317"/>
      </symbol>
      <symbol id="sm-5eb">
         <name>_stack</name>
         <value>0x1f60</value>
         <object_component_ref idref="oc-2b5"/>
      </symbol>
      <symbol id="sm-5ec">
         <name>_reset_vector</name>
         <value>0xfffe</value>
         <object_component_ref idref="oc-2b8"/>
      </symbol>
      <symbol id="sm-5f5">
         <name>__mpu_init</name>
         <value>0xe53c</value>
         <object_component_ref idref="oc-38e"/>
      </symbol>
      <symbol id="sm-618">
         <name>__TI_auto_init_nobinit_nopinit_hold_wdt</name>
         <value>0xdeb6</value>
         <object_component_ref idref="oc-413"/>
      </symbol>
      <symbol id="sm-621">
         <name>_system_post_cinit</name>
         <value>0xe6be</value>
         <object_component_ref idref="oc-4b8"/>
      </symbol>
      <symbol id="sm-62a">
         <name>_system_pre_init</name>
         <value>0xe6ba</value>
         <object_component_ref idref="oc-376"/>
      </symbol>
      <symbol id="sm-63a">
         <name>C$$EXIT</name>
         <value>0xe6a8</value>
         <object_component_ref idref="oc-3ef"/>
      </symbol>
      <symbol id="sm-63b">
         <name>abort</name>
         <value>0xe6a8</value>
         <object_component_ref idref="oc-3ef"/>
      </symbol>
      <symbol id="sm-64b">
         <name>memcpy</name>
         <value>0xe63a</value>
         <object_component_ref idref="oc-4f4"/>
      </symbol>
      <symbol id="sm-650">
         <name>power_fall_asleep</name>
         <value>0xe6b4</value>
      </symbol>
   </symbol_table>
   <title>Link successful</title>
</link_info>
